A
AA
AAC
AAIC
AAL
AAMC
AAN
AAOI
AAON
AAP
AAPL
AAT
AB
ABBV
ABC
ABCB
ABCL
ABCM
ABEV
ABG
ABM
ABMD
ABNB
ABR
ABST
ABT
ABUS
ACA
ACAD
ACB
ACCD
ACCO
ACEL
ACET
ACGL
ACHC
ACHV
ACI
ACIU
ACIW
ACLS
ACM
ACMR
ACN
ACP
ACRE
ACRS
ACTG
ACVA
ADBE
ADC
ADI
ADM
ADMA
ADME
ADNT
ADP
ADPT
ADSK
ADT
ADTN
ADUS
ADV
ADX
AEE
AEG
AEHR
AEIS
AEL
AEM
AEO
AEP
AEPPZ
AER
AES
AESC
AEVA
AFCG
AFG
AFL
AFRM
AFYA
AG
AGBA
AGCO
AGEN
AGI
AGIO
AGL
AGLE
AGM
AGNC
AGNCN
AGNCP
AGO
AGR
AGRO
AGS
AGTI
AGX
AGYS
AHCO
AHH
AHT
AI
AIG
AIN
AIO
AIR
AIRC
AIT
AIV
AIZ
AJG
AJRD
AKAM
AKBA
AKR
AKRO
AKTS
AKYA
AL
ALB
ALC
ALDX
ALE
ALEC
ALEX
ALG
ALGM
ALGN
ALGT
ALHC
ALIM
ALK
ALKS
ALKT
ALL
ALLE
ALLK
ALLO
ALLY
ALNY
ALPN
ALRM
ALSN
ALT
ALTG
ALTO
ALTR
ALV
ALVR
ALX
ALXO
AM
AMAL
AMAT
AMBA
AMBC
AMC
AMCR
AMCX
AMD
AME
AMED
AMEH
AMG
AMGN
AMH
AMK
AMKR
AMN
AMOT
AMP
AMPH
AMPY
AMR
AMRC
AMRK
AMRN
AMRS
AMRX
AMSC
AMSF
AMST
AMSWA
AMT
AMTB
AMTX
AMWD
AMWL
AMX
AMZN
AN
ANAB
ANDE
ANET
ANF
ANGI
ANGO
ANIK
ANIP
ANNX
ANSS
ANVS
AOD
AON
AOS
AOSL
APA
APAM
APD
APEI
APG
APGB
APH
API
APLE
APLS
APO
APOG
APP
APPF
APPN
APPS
APRN
APTO
APTV
APYX
AQN
AR
ARAY
ARCB
ARCC
ARCE
ARCH
ARCO
ARCT
ARDC
ARDX
ARE
ARES
ARGO
ARGX
ARI
ARKO
ARLO
ARLP
ARMK
ARNC
AROC
AROW
ARQT
ARR
ARRY
ARTNA
ARVL
ARVN
ARW
ARWR
ASAI
ASAN
ASB
ASC
ASGN
ASH
ASIX
ASLE
ASML
ASND
ASO
ASPN
ASR
ASRT
ASTE
ASTS
ASUR
ASX
ATEC
ATEX
ATGE
ATHM
ATI
ATKR
ATNF
ATNI
ATNM
ATO
ATOM
ATR
ATRA
ATRC
ATRI
ATRO
ATSG
ATUS
ATVI
AU
AUB
AUDC
AUPH
AUTL
AUUD
AVA
AVAV
AVB
AVD
AVDL
AVGO
AVID
AVIR
AVNS
AVNT
AVNW
AVO
AVRO
AVT
AVTR
AVXL
AVY
AWF
AWI
AWK
AWP
AWR
AX
AXGN
AXL
AXNX
AXON
AXP
AXS
AXSM
AXTA
AXTI
AY
AYI
AYX
AZEK
AZN
AZO
AZPN
AZUL
AZZ
B
BA
BABA
BAC
BAH
BAK
BALY
BAM
BANC
BAND
BANF
BANR
BAOS
BAP
BATRA
BATRK
BAX
BB
BBAR
BBD
BBDC
BBIO
BBN
BBSI
BBVA
BBW
BBY
BC
BCAB
BCAT
BCBP
BCC
BCE
BCH
BCO
BCPC
BCRX
BCS
BCSF
BCX
BCYC
BDC
BDJ
BDN
BDSI
BDTX
BDX
BE
BEAM
BECN
BEEM
BEKE
BELFB
BEN
BEP
BEPC
BERY
BFAM
BFC
BFK
BFLY
BFS
BFST
BG
BGB
BGCP
BGFV
BGNE
BGS
BGY
BHC
BHE
BHF
BHK
BHLB
BHP
BHR
BHVN
BIDU
BIG
BIGC
BIGZ
BIIB
BILI
BILL
BIO
BIO/B
BIP
BIPC
BIT
BIVI
BJ
BJRI
BK
BKD
BKE
BKH
BKI
BKNG
BKR
BKU
BL
BLBD
BLCM
BLD
BLDE
BLDP
BLDR
BLFS
BLK
BLKB
BLMN
BLNK
BLU
BLUE
BLX
BMA
BMBL
BME
BMEA
BMEZ
BMI
BMO
BMRC
BMRN
BMY
BNGO
BNL
BNS
BNTX
BOE
BOH
BOKF
BOOM
BOOT
BORR
BOX
BP
BPMC
BPOP
BPT
BR
BRBR
BRC
BRFS
BRKL
BRKR
BRO
BRP
BRT
BRX
BRY
BSAC
BSBR
BSIG
BSM
BST
BSTZ
BSX
BSY
BTAI
BTBT
BTG
BTI
BTO
BTT
BTU
BTZ
BUD
BUFD
BUFF
BUI
BUR
BURL
BUSE
BV
BVH
BVN
BVS
BW
BWA
BWB
BWMN
BWXT
BX
BXC
BXMT
BXMX
BXP
BY
BYD
BYND
BZH
BZUN
C
CAAP
CABA
CABO
CAC
CACC
CACI
CADE
CAE
CAG
CAH
CAKE
CAL
CALM
CALX
CAMT
CAN
CAR
CARA
CARE
CARG
CARR
CARS
CASH
CASS
CASY
CAT
CATC
CATY
CB
CBAY
CBD
CBOE
CBRE
CBRL
CBSH
CBT
CBU
CBZ
CC
CCAP
CCB
CCBG
CCCC
CCD
CCEP
CCF
CCI
CCJ
CCK
CCL
CCNE
CCO
CCOI
CCRN
CCS
CCU
CCVI
CD
CDAY
CDE
CDLX
CDMO
CDNA
CDNS
CDTX
CDW
CDXS
CDZI
CE
CEIX
CELC
CELH
CENT
CENTA
CENX
CEPU
CEQP
CERE
CERS
CERT
CEVA
CF
CFB
CFFN
CFG
CFR
CFRX
CG
CGAU
CGBD
CGC
CGEM
CGNT
CGNX
CHCO
CHCT
CHD
CHDN
CHE
CHEF
CHGG
CHH
CHI
CHK
CHKP
CHMI
CHPT
CHRS
CHRW
CHS
CHSCL
CHT
CHTR
CHUY
CHWY
CHX
CHY
CI
CIB
CIEN
CIG
CIGI
CII
CIM
CINF
CIO
CIR
CJJD
CL
CLAR
CLB
CLBK
CLDT
CLDX
CLF
CLFD
CLH
CLM
CLMT
CLNE
CLOV
CLPT
CLRO
CLS
CLSK
CLVT
CLW
CLX
CM
CMA
CMBM
CMC
CMCL
CMCO
CMCSA
CME
CMG
CMI
CMP
CMPR
CMPS
CMRE
CMRX
CMS
CMSD
CMT
CMTL
CNA
CNC
CNDT
CNHI
CNI
CNK
CNMD
CNNE
CNO
CNOB
CNP
CNQ
CNS
CNSL
CNSP
CNTG
CNX
CNXC
CNXN
CODI
COF
COGT
COHR
COHU
COIN
COKE
COLB
COLD
COLL
COLM
COMM
COMP
COO
COOP
COP
CORT
COST
COTY
COUR
CP
CPA
CPB
CPE
CPF
CPG
CPK
CPNG
CPRI
CPRT
CPRX
CPS
CPSI
CPT
CQP
CR
CRAI
CRC
CRCT
CRESY
CRF
CRH
CRI
CRK
CRKN
CRL
CRM
CRMD
CRMT
CRNC
CRNX
CRON
CROX
CRS
CRSP
CRSR
CRT
CRTO
CRUS
CRVL
CRVS
CRWD
CSAN
CSCO
CSGP
CSGS
CSIQ
CSL
CSQ
CSR
CSTE
CSTL
CSTM
CSV
CSWC
CSWI
CSX
CTAS
CTBB
CTBI
CTIC
CTLP
CTLT
CTO
CTOS
CTRE
CTRN
CTS
CTSH
CTVA
CTXR
CUBE
CUBI
CUE
CUK
CUTR
CUZ
CVAC
CVBF
CVCO
CVE
CVGI
CVGW
CVI
CVII
CVLG
CVLT
CVNA
CVS
CVX
CW
CWBR
CWCO
CWEN
CWH
CWK
CWST
CWT
CX
CXW
CYBR
CYH
CYRX
CYTK
CZR
D
DAC
DADA
DAKT
DAL
DAN
DAO
DAPR
DAR
DASH
DAUG
DAVA
DB
DBI
DBX
DCBO
DCI
DCO
DCOM
DCPH
DD
DDD
DDOG
DDS
DE
DEA
DECK
DEI
DELL
DEN
DENN
DEO
DESP
DFEB
DFH
DFIN
DFP
DFS
DG
DGII
DGX
DHC
DHI
DHIL
DHR
DHT
DIAX
DIN
DIOD
DIS
DISH
DJUN
DK
DKL
DKNG
DKS
DLB
DLR
DLTR
DLX
DLY
DM
DMAR
DMAY
DMLP
DMRC
DNB
DNLI
DNMR
DNN
DNOV
DNOW
DNP
DOC
DOCN
DOCU
DOMO
DOOO
DOOR
DORM
DOV
DOW
DOX
DPG
DPZ
DQ
DRD
DRH
DRI
DRQ
DRUA
DRVN
DSEY
DSGN
DSGX
DSKE
DSL
DSU
DSX
DT
DTE
DUK
DV
DVA
DVAX
DVN
DX
DXC
DXCM
DXPE
DY
DYN
DZSI
E
EA
EAD
EAF
EAT
EB
EBAY
EBC
EBF
EBIX
EBR
EBS
EC
ECC
ECL
ECPG
ED
EDIT
EDR
EDTX
EDU
EEFT
EFC
EFSC
EFX
EGBN
EGHT
EGLE
EGO
EGP
EGRX
EGY
EH
EHC
EHTH
EIG
EIM
EIX
EL
ELAN
ELC
ELF
ELOX
ELP
ELS
EMAN
EMD
EME
EMN
EMP
EMR
ENB
ENIC
ENLC
ENPH
ENR
ENS
ENSG
ENTA
ENTG
ENV
ENVA
ENVB
EOG
EOLS
EOS
EOSE
EPAC
EPAM
EPC
EPD
EPM
EPR
EPRT
EQBK
EQC
EQH
EQIX
EQNR
EQR
EQT
EQX
ERF
ERIC
ERIE
ERII
ERJ
ES
ESE
ESGR
ESI
ESLT
ESNT
ESPR
ESQ
ESRT
ESS
ESTA
ESTC
ESTE
ET
ETG
ETJ
ETN
ETNB
ETR
ETRN
ETSY
ETV
ETW
ETWO
ETY
EURN
EVA
EVBG
EVC
EVER
EVH
EVLO
EVR
EVRG
EVRI
EVT
EVTC
EVV
EW
EWBC
EWTX
EXAS
EXC
EXEL
EXG
EXK
EXLS
EXP
EXPD
EXPE
EXPI
EXPO
EXR
EXTR
EYE
EYEN
EYPT
EZPW
F
FAF
FANG
FAPR
FARM
FARO
FAST
FATE
FAUG
FAX
FB
FBK
FBMS
FBNC
FBP
FC
FCBC
FCEL
FCF
FCFS
FCN
FCNCA
FCPT
FCX
FDMT
FDP
FDS
FDUS
FDX
FE
FELE
FENC
FERG
FET
FF
FFBC
FFC
FFEB
FFIC
FFIN
FFIV
FFWM
FGEN
FHB
FHI
FHN
FI
FIBK
FICO
FINV
FIS
FISI
FISV
FITB
FITBI
FIVE
FIVN
FIX
FIZZ
FJUL
FJUN
FL
FLEX
FLGT
FLIC
FLNG
FLO
FLR
FLS
FLT
FLWS
FMAR
FMAY
FMBH
FMC
FMNB
FMS
FMX
FN
FNB
FND
FNF
FNKO
FNOV
FNV
FOA
FOCS
FOCT
FOLD
FOR
FORM
FORR
FOSL
FOUR
FOX
FOXA
FOXF
FPF
FPI
FR
FRA
FRBK
FREE
FRG
FRHC
FRME
FRO
FROG
FRPH
FRPT
FRT
FSBW
FSEP
FSK
FSLR
FSLY
FSM
FSP
FSR
FSS
FSV
FTAI
FTCH
FTCI
FTDR
FTHY
FTI
FTNT
FTS
FTV
FUBO
FUL
FULC
FULT
FUN
FUTU
FVRR
FWONA
FWONK
FWRD
FYBR
G
GAB
GABC
GAIN
GAINL
GATO
GATX
GBCI
GBDC
GBX
GCI
GCMG
GCO
GD
GDDY
GDEN
GDOT
GDRX
GDS
GDV
GDYN
GE
GEF
GEL
GENI
GEO
GER
GERN
GES
GEVO
GFF
GFI
GFL
GGAL
GGB
GGG
GGN
GH
GHC
GHL
GHY
GIB
GIII
GIL
GILD
GIS
GKOS
GL
GLAD
GLDD
GLNG
GLO
GLOB
GLOP
GLP
GLPG
GLPI
GLRE
GLT
GLW
GM
GMAB
GMDA
GME
GMED
GMRE
GMS
GNE
GNK
GNL
GNRC
GNTX
GNUS
GNW
GO
GOCO
GOEV
GOF
GOGL
GOGO
GOL
GOLD
GOLF
GOOD
GOOG
GOOGL
GOOS
GOSS
GOTU
GOVZ
GPC
GPI
GPK
GPMT
GPN
GPRE
GPRK
GPRO
GPS
GRBK
GRC
GRCL
GRFS
GRMN
GRPN
GRTS
GRTX
GRVY
GRWG
GS
GSAT
GSBC
GSBD
GSHD
GSIT
GSK
GSKY
GSL
GSM
GSS
GSUS
GT
GTE
GTES
GTHX
GTLS
GTN
GTX
GTY
GVA
GWRE
GWW
H
HA
HAE
HAFC
HAIN
HAL
HALO
HAS
HASI
HAYN
HAYW
HBAN
HBANP
HBI
HBIO
HBM
HBNC
HCA
HCAT
HCC
HCCI
HCDI
HCI
HCKT
HCM
HCSG
HD
HDB
HDSN
HE
HEAR
HEES
HEI
HEI/A
HELE
HEP
HEPA
HES
HESM
HFRO
HFWA
HGV
HHC
HI
HIBB
HIFS
HIG
HII
HIMS
HIMX
HIW
HL
HLF
HLI
HLIO
HLIT
HLNE
HLT
HLX
HMC
HMN
HMST
HMY
HNI
HNRG
HNST
HOFT
HOG
HOLI
HOLX
HOMB
HON
HONE
HOOK
HOPE
HOTH
HOV
HP
HPE
HPK
HPP
HPQ
HQH
HQI
HQY
HR
HRB
HRI
HRL
HRMY
HROW
HRTX
HRZN
HSBC
HSIC
HSII
HST
HSTM
HSY
HT
HTBK
HTD
HTGC
IMAX
IMCR
IMGN
IMKTA
IMMP
IMMR
IMO
IMTX
IMUX
IMVT
IMXI
INBK
INBX
INCY
INDB
INDO
INDT
INFN
INFY
ING
INGN
INGR
INMD
INN
INO
INOD
INPX
INSE
INSM
INSP
INSW
INTC
INTT
INTU
INVA
INVE
INVH
INVZ
INZY
IONS
IOSP
IOVA
IP
IPAR
IPG
IPGP
IPI
IQ
IQV
IR
IRBT
IRDM
IRM
IRMD
IRT
IRTC
IRWD
ISBC
ISD
ISEE
ISRG
IT
ITCI
ITGR
ITOS
ITRI
ITT
ITUB
ITW
IVR
IVZ
IX
J
JACK
JAGX
JAKK
JAMF
JAZZ
JBGS
JBHT
JBL
JBLU
JBSS
JBT
JCI
JD
JEF
JELD
JEMA
JFIN
JFR
JHG
JHX
JILL
JJSF
JNJ
JNPR
JOE
JOUT
JPC
JPM
JPS
JQC
JRO
JRVR
JWN
JYNT
K
KAI
KALA
KALU
KALV
KAMN
KAR
KB
KBH
KBR
KC
KDNY
KDP
KE
KELYA
KEP
KEX
KEY
KEYS
KFRC
KFY
KGC
KHC
KIDS
KIM
KIO
KKR
KLAC
KLIC
KLR
KLXE
KMB
KMF
KMI
KMPR
KMT
KMX
KN
KNSA
KNSL
KNTE
KNX
KO
KOD
KODK
KOF
KOP
KOPN
KOS
KPTI
KR
KRBP
KRC
KREF
KRG
KRNT
KRNY
KRO
KROS
KRP
KRTX
KRUS
KRYS
KSS
KT
KTB
KTOS
KURA
KVSA
KW
KWR
KYMR
KYN
KZR
L
LAC
LAD
LADR
LAMR
LANC
LAND
LASR
LAUR
LAZ
LAZR
LBAI
LBPH
LBRDA
LBRDK
LBRT
LBTYA
LBTYK
LC
LCAA
LCII
LCTX
LDOS
LDP
LE
LEA
LECO
LEG
LEGN
LEJU
LEN
LESL
LEU
LEV
LEVI
LFUS
LGIH
LGND
LH
LHX
LI
LIFE
LII
LILA
LILAK
LIN
LINC
LIND
LITE
LIVN
LKFN
LKQ
LL
LLY
LMAT
LMB
LMND
LMNR
LMT
LNC
LNG
LNN
LNT
LNTH
LOB
LOCO
LOGI
LOMA
LOPE
LOVE
LOW
LPG
LPLA
LPRO
LPSN
LPX
LQDA
LQDT
LRCX
LRMR
LRN
LSCC
LSI
LSPD
LSTR
LSXMA
LSXMK
LTC
LTHM
LU
LULU
LUMN
LUNA
LUNG
LUV
LVS
LVTX
LW
LXFR
LXP
LXRX
LXU
LYB
LYFT
LYG
LYTS
LYV
LZB
M
MA
MAA
MAC
MACK
MAG
MAIN
MAN
MANH
MANU
MAR
MARA
MAS
MASI
MASS
MAT
MATW
MATX
MAX
MAXN
MBI
MBIN
MBOT
MBUU
MBWM
MC
MCB
MCD
MCFT
MCHP
MCK
MCO
MCRB
MCRI
MCS
MCY
MD
MDB
MDC
MDGL
MDLZ
MDP
MDRX
MDT
MDU
MDXG
MEC
MED
MEDP
MEDS
MEG
MEI
MELI
MEOH
MERC
MET
METC
MFA
MFC
MFG
MG
MGA
MGEE
MGM
MGNI
MGNX
MGPI
MGRC
MGTX
MGY
MHD
MHK
MHO
MIDD
MIRM
MITK
MKC
MKL
MKSI
MKTX
MLAB
MLCO
MLI
MLM
MLR
MMC
MMI
MMM
MMP
MMS
MMSI
MMYT
MNKD
MNMD
MNRO
MNSO
MNST
MNTK
MO
MOD
MODN
MODV
MOH
MOMO
MOR
MORF
MORN
MOS
MOV
MP
MPAA
MPB
MPC
MPLN
MPLX
MPW
MPWR
MQY
MRC
MRCY
MREO
MRK
MRKR
MRNA
MRNS
MRO
MRSN
MRTN
MRTX
MRUS
MRVI
MRVL
MS
MSA
MSBI
MSCI
MSEX
MSFT
MSGE
MSGS
MSI
MSM
MSTR
MT
MTB
MTCH
MTCN
MTD
MTDR
MTG
MTH
MTLS
MTN
MTRN
MTSI
MTW
MTX
MTZ
MU
MUC
MUFG
MUI
MUJ
MUR
MUSA
MUX
MVBF
MVIS
MWA
MX
MXL
MYE
MYGN
MYI
MYRG
NAC
NAD
NAPA
NAPR
NARI
NAT
NATI
NAVI
NBB
NBHC
NBIX
NBN
NBR
NBTB
NBTX
NCLH
NCMI
NCNO
NCR
NCV
NCZ
NDAQ
NDLS
NDMO
NDSN
NEA
NEE
NEM
NEO
NEOG
NEP
NERV
NESR
NET
NETI
NEU
NEWR
NEWT
NEX
NEXT
NFBK
NFE
NFG
NFJ
NFLX
NG
NGD
NGG
NGL
NGMS
NGVT
NHC
NHI
NI
NICE
NIE
NIMC
NINE
NIO
NIU
NJR
NKE
NKLA
NKTR
NKX
NLY
NMCO
NMFC
NMIH
NMM
NMR
NMRK
NMZ
NNDM
NNI
NNN
NNOX
NOA
NOC
NOG
NOK
NOMD
NOTV
NOV
NOVA
NOVT
NOW
NPK
NPO
NR
NRC
NRG
NRIM
NRIX
NRK
NRT
NS
NSA
NSC
NSIT
NSP
NSSC
NSTG
NTAP
NTB
NTCO
NTCT
NTES
NTGR
NTLA
NTNX
NTR
NTRA
NTRS
NTRSO
NTST
NUE
NUS
NUV
NUVA
NVAX
NVCR
NVDA
NVEC
NVEE
NVG
NVGS
NVMI
NVO
NVOS
NVR
NVRO
NVS
NVST
NVT
NVTA
NWBI
NWE
NWFL
NWG
NWL
NWLI
NWN
NWPX
NWS
NWSA
NX
NXE
NXGN
NXP
NXPI
NXRT
NXST
NYCB
NYMT
NYT
NZF
O
OC
OCFC
OCGN
OCN
OCSL
OCUL
OCUP
ODC
ODFL
ODP
OEC
OFC
OFG
OFIX
OFLX
OGE
OGS
OHI
OI
OII
OIS
OKE
OKTA
OLED
OLK
OLLI
OLMA
OLN
OLO
OLP
OM
OMAB
OMC
OMCL
OMER
OMF
OMI
ON
ONB
ONCY
ONEW
ONTF
ONTO
OOMA
OPCH
OPEN
OPI
OPK
OPRA
OPRT
OPRX
OPY
OR
ORA
ORAN
ORC
ORCC
ORCL
ORGO
ORI
ORIC
ORLA
ORLY
ORMP
OSBC
OSCR
OSG
OSIS
OSK
OSPN
OSTK
OSUR
OSW
OTEX
OTIS
OTLK
OTTR
OUST
OUT
OVV
OXLC
OXM
OXY
OZK
PAA
PAAS
PAC
PACB
PACK
PACW
PAG
PAGP
PAGS
PAHC
PALI
PAM
PANL
PANW
PAR
PARR
PATH
PATK
PAX
PAYC
PAYX
PB
PBA
PBF
PBH
PBI
PBPB
PBR
PBT
PCAR
PCG
PCGU
PCH
PCN
PCRX
PCT
PCTY
PCVX
PD
PDCE
PDCO
PDD
PDFS
PDI
PDLB
PDM
PDO
PDS
PDSB
PDT
PEAK
PEB
PEBO
PEG
PEGA
PEN
PENN
PEO
PEP
PERI
PESI
PETQ
PETS
PFBC
PFC
PFE
PFG
PFGC
PFLT
PFN
PFS
PFSI
PG
PGC
PGEN
PGNY
PGR
PGRE
PGTI
PH
PHAT
PHG
PHI
PHIO
PHK
PHM
PHR
PI
PII
PINC
PINE
PINS
PIPR
PIXY
PJT
PK
PKE
PKG
PKOH
PKX
PLAB
PLAY
PLBY
PLCE
PLD
PLL
PLMR
PLNT
PLOW
PLPC
PLRX
PLSE
PLTK
PLTR
PLUG
PLUS
PLX
PLXS
PLYA
PLYM
PM
PML
PMO
PMT
PMVP
PNC
PNFP
PNM
PNNT
PNR
PNTG
PNW
POAI
PODD
POOL
POR
POST
POWI
POWL
POWW
PPBI
PPC
PPG
PPL
PPSI
PRA
PRAA
PRAX
PRCH
PRDO
PRFT
PRG
PRGO
PRGS
PRI
PRIM
PRK
PRLB
PRMW
PRO
PRPL
PRTA
PRTK
PRTS
PRU
PRVA
PSA
PSEC
PSFE
PSMT
PSN
PSO
PSTG
PSTL
PSTX
PSX
PTA
PTC
PTCT
PTEN
PTGX
PTON
PTPI
PTVE
PTY
PUBM
PUK
PUMP
PVBC
PVH
PWR
PXD
PYPL
PZZA
QCOM
QCRH
QDEC
QDEL
QFIN
QGEN
QH
QLYS
QMAR
QNST
QQQX
QRTEA
QRTEP
QRVO
QS
QSR
QTRX
QTWO
QUOT
QURE
R
RA
RACE
RAD
RADI
RAIN
RAMP
RAPT
RARE
RBA
RBBN
RBC
RBLX
RC
RCEL
RCI
RCKT
RCL
RCM
RCMT
RCUS
RDFN
RDN
RDNT
RDWR
RDY
RE
REAL
REG
REGI
REGN
REI
RELL
RELX
REPL
REPX
RES
RETA
REVG
REX
REXR
REYN
REZI
RF
RGA
RGEN
RGLD
RGNX
RGP
RGR
RH
RHI
RHP
RICK
RIDE
RIG
RIGL
RILY
RIO
RIOT
RJF
RKT
RL
RLAY
RLGT
RLI
RLJ
RLX
RMAX
RMBL
RMBS
RMD
RMNI
RMR
RMT
RMTI
RNA
RNG
RNGR
RNP
RNR
RNST
ROAD
ROCK
ROG
ROIC
ROK
ROKU
ROL
ROOT
ROP
ROST
RPAY
RPD
RPM
RPRX
RPT
RPTX
RQI
RRC
RRGB
RRR
RS
RSG
RSI
RTLR
RTX
RUN
RUSHA
RVLV
RVMD
RVNC
RVPH
RVT
RWT
RXRX
RXT
RY
RYAAY
RYAM
RYI
RYN
RYTM
SA
SABR
SABRP
SACH
SAFE
SAFT
SAGE
SAH
SAIA
SAIC
SAM
SAN
SANA
SAND
SANM
SAP
SAR
SASR
SATS
SAVA
SAVE
SB
SBAC
SBCF
SBGI
SBH
SBLK
SBOW
SBR
SBRA
SBS
SBSI
SBSW
SBUX
SCCO
SCHL
SCHN
SCHW
SCI
SCL
SCM
SCPH
SCPL
SCS
SCSC
SCVL
SCYX
SD
SDGR
SE
SEAS
SEB
SECO
SEDG
SEE
SEER
SEIC
SELB
SEM
SEMR
SENEA
SENS
SF
SFBS
SFIX
SFL
SFM
SFNC
SFST
SGEN
SGH
SGMO
SGRY
SHAK
SHBI
SHC
SHEN
SHG
SHLS
SHO
SHOO
SHOP
SHW
SHYF
SIBN
SIC
SID
SIEN
SIG
SIGA
SIGI
SII
SILK
SILV
SIMO
SIRI
SITC
SITE
SITM
SIX
SJM
SJT
SJW
SKIN
SKLZ
SKM
SKT
SKX
SKY
SKYT
SKYW
SLAB
SLAM
SLB
SLCA
SLF
SLG
SLGN
SLM
SLP
SLQT
SLRC
SM
SMAR
SMBC
SMCI
SMFG
SMG
SMHI
SMMT
SMP
SMPL
SMTC
SMTI
SNA
SNAP
SNBR
SNCY
SNDL
SNDR
SNDX
SNEX
SNN
SNOW
SNPS
SNV
SNX
SNY
SO
SOI
SOJB
SOJD
SOL
SON
SONN
SONO
SONY
SP
SPB
SPCE
SPG
SPGI
SPH
SPLK
SPNS
SPNT
SPOK
SPOT
SPPI
SPR
SPSC
SPT
SPTN
SPWH
SPWR
SPXC
SQ
SQM
SR
SRC
SRCE
SRCL
SRDX
SRE
SREA
SRG
SRI
SRPT
SRRK
SSB
SSD
SSL
SSNC
SSP
SSRM
SSTI
SSTK
SSYS
ST
STAA
STAG
STBA
STC
STE
STEM
STEP
STK
STKL
STLA
STLD
STM
STN
STNE
STNG
STOK
STRA
STRL
STRO
STT
STWD
STX
STZ
STZ/B
SU
SUI
SUM
SUN
SUNW
SUPN
SUPV
SUZ
SVC
SVM
SVRA
SWAV
SWBI
SWI
SWIM
SWK
SWKS
SWN
SWTX
SWX
SXC
SXI
SXT
SYBT
SYF
SYK
SYNA
SYNH
SYY
T
TAC
TACO
TAK
TAL
TALO
TALS
TAP
TARO
TARS
TAST
TBB
TBBK
TBC
TBI
TBPH
TCBI
TCBK
TCMD
TCOM
TCPC
TCS
TCX
TD
TDC
TDG
TDOC
TDS
TDUP
TDW
TDY
TEAM
TECH
TECK
TEF
TEL
TELA
TELL
TENB
TER
TERN
TEVA
TEX
TFC
TFII
TFSL
TFX
TG
TGB
TGH
TGI
TGLS
TGNA
TGS
TGT
TGTX
TH
THC
THFF
THG
THO
THQ
THR
THRM
THRY
THS
THW
TIGO
TIGR
TILE
TIMB
TIPT
TIRX
TITN
TIXT
TJX
TK
TKC
TKR
TLK
TLRY
TLS
TLYS
TM
TMCI
TMDX
TME
TMHC
TMO
TMP
TMST
TMUS
TNC
TNDM
TNET
TNK
TNL
TNP
TOL
TOWN
TPB
TPC
TPH
TPIC
TPL
TPR
TPVG
TPX
TR
TREE
TREX
TRGP
TRHC
TRI
TRIN
TRIP
TRKA
TRMB
TRMD
TRMK
TRN
TRNO
TRNS
TROW
TROX
TRP
TRS
TRST
TRTN
TRTX
TRU
TRUP
TRV
TRVN
TS
TSBK
TSCO
TSE
TSEM
TSLA
TSLX
TSM
TSN
TSP
TT
TTC
TTD
TTEC
TTEK
TTGT
TTI
TTMI
TTOO
TTWO
TU
TUP
TV
TVTX
TW
TWI
TWLO
TWNK
TWO
TWOU
TWST
TX
TXG
TXN
TXRH
TXT
TY
TYG
TYL
TZOO
U
UA
UAA
UAL
UAN
UBA
UBER
UBS
UBSI
UCBI
UCTT
UDR
UE
UEC
UEIC
UFAB
UFCS
UFI
UFPI
UFPT
UGI
UGP
UHAL
UHS
UHT
UI
UIHC
UIS
UL
ULCC
ULH
ULTA
UMBF
UMC
UMH
UNF
UNFI
UNH
UNIT
UNM
UNP
UNVR
UPLD
UPS
UPST
UPWK
URBN
URG
URGN
URI
USA
USAC
USB
USFD
USLM
USM
USNA
USPH
USX
UTF
UTG
UTHR
UTL
UTME
UTZ
UUUU
UVE
UVSP
UVV
UWMC
UZD
V
VAC
VAL
VALE
VBTX
VC
VCEL
VCTR
VCYT
VECO
VECT
VEEV
VEON
VERI
VERU
VERX
VET
VFC
VGR
VIAV
VICI
VICR
VIPS
VIR
VIRI
VIRT
VIST
VITL
VIV
VKTX
VLO
VLRS
VLY
VLYPO
VLYPP
VMC
VMD
VMI
VMW
VNDA
VNET
VNO
VNOM
VNT
VOD
VOXX
VOYA
VPG
VRA
VRAY
VRCA
VRDN
VREX
VRM
VRNA
VRNS
VRNT
VRRM
VRSK
VRSN
VRT
VRTS
VRTV
VRTX
VSAT
VSEC
VSH
VST
VSTM
VSTO
VTNR
VTOL
VTR
VTRS
VUSB
VUZI
VVI
VVR
VVV
VWTR
VXRT
VYGR
VYNE
VZ
VZIO
W
WAB
WABC
WAFD
WAL
WASH
WAT
WB
WBA
WBS
WCC
WCN
WD
WDAY
WDC
WDFC
WDH
WEC
WELL
WEN
WERN
WES
WEX
WF
WFC
WFG
WGO
WH
WHD
WHR
WINA
WING
WINT
WIRE
WISA
WISH
WIT
WIW
WIX
WK
WKEY
WKHS
WLK
WM
WMB
WMG
WMK
WMS
WMT
WNC
WNS
WOOF
WOR
WORX
WOW
WPC
WPM
WPP
WRB
WRK
WRLD
WSBC
WSBF
WSC
WSFS
WSM
WSO
WSO/B
WSR
WST
WTFC
WTFCP
WTI
WTM
WTRG
WTS
WTTR
WU
WVE
WW
WWD
WWE
WWW
WY
WYNN
X
XAIR
XBAP
XEL
XELA
XENE
XERS
XFLT
XFOR
XHR
XM
XNCR
XOM
XONE
XP
XPEL
XPER
XPEV
XPO
XRAY
XRX
XVV
XYL
YELP
YETI
YEXT
YMAB
YORW
YPF
YSG
YUM
YUMC
YY
Z
ZBH
ZBRA
ZEUS
ZG
ZH
ZI
ZIM
ZION
ZLAB
ZM
ZNTL
ZS
ZTO
ZTR
ZTS
ZUMZ
ZUO
ZYME
ZYXI
