3M Company
Abbott Laboratories
AbbVie Inc.
ABIOMED Inc
Accenture plc
Activision Blizzard
Adobe Inc.
Advanced Micro Devices Inc
Advance Auto Parts
AES Corp
AFLAC Inc
Agilent Technologies Inc
Air Products & Chemicals Inc
Akamai Technologies Inc
Alaska Air Group Inc
Albemarle Corp
Alexandria Real Estate Equities
Alexion Pharmaceuticals
Align Technology
Allegion
Alliant Energy Corp
Allstate Corp
Alphabet Inc. (Class A)
Alphabet Inc. (Class C)
Altria Group Inc
Amazon.com Inc.
Amcor plc
Ameren Corp
American Airlines Group
American Electric Power
American Express Co
American International Group
American Tower Corp.
American Water Works Company Inc
Ameriprise Financial
AmerisourceBergen Corp
AMETEK Inc.
Amgen Inc.
Amphenol Corp
Analog Devices, Inc.
ANSYS
Anthem
Aon plc
A.O. Smith Corp
Apache Corporation
Apartment Investment & Management
Apple Inc.
Applied Materials Inc.
Aptiv PLC
Archer-Daniels-Midland Co
Arista Networks
Arthur J. Gallagher & Co.
Assurant
AT&T Inc.
Atmos Energy
Autodesk Inc.
Automatic Data Processing
AutoZone Inc
AvalonBay Communities
Avery Dennison Corp
Baker Hughes Co
Ball Corp
Bank of America Corp
The Bank of New York Mellon
Baxter International Inc.
Becton Dickinson
Berkshire Hathaway
Best Buy Co. Inc.
Bio-Rad Laboratories
Biogen Inc.
BlackRock
Boeing Company
Booking Holdings Inc
BorgWarner
Boston Properties
Boston Scientific
Bristol-Myers Squibb
Broadcom Inc.
Broadridge Financial Solutions
Brown-Forman Corp.
C. H. Robinson Worldwide
Cabot Oil & Gas
Cadence Design Systems
Campbell Soup
Capital One Financial
Cardinal Health Inc.
Carmax Inc
Carnival Corp.
Carrier Global
Caterpillar Inc.
Cboe Global Markets
CBRE Group
CDW
Celanese
Centene Corporation
CenterPoint Energy
CenturyLink Inc
Cerner
CF Industries Holdings Inc
Charles Schwab Corporation
Charter Communications
Chevron Corp.
Chipotle Mexican Grill
Chubb Limited
Church & Dwight
CIGNA Corp.
Cincinnati Financial
Cintas Corporation
Cisco Systems
Citigroup Inc.
Citizens Financial Group
Citrix Systems
The Clorox Company
CME Group Inc.
CMS Energy
Coca-Cola Company
Cognizant Technology Solutions
Colgate-Palmolive
Comcast Corp.
Comerica Inc.
Conagra Brands
Concho Resources
ConocoPhillips
Consolidated Edison
Constellation Brands
The Cooper Companies
Copart Inc
Corning Inc.
Corteva
Costco Wholesale Corp.
Coty, Inc
Crown Castle International Corp.
CSX Corp.
Cummins Inc.
CVS Health
D. R. Horton
Danaher Corp.
Darden Restaurants
DaVita Inc.
Deere & Co.
Delta Air Lines Inc.
Dentsply Sirona
Devon Energy
DexCom
Diamondback Energy
Digital Realty Trust Inc
Discover Financial Services
Discovery, Inc. (Class A)
Discovery, Inc. (Class C)
Dish Network
Dollar General
Dollar Tree
Dominion Energy
Domino's Pizza
Dover Corporation
Dow Inc.
DTE Energy Co.
Duke Energy
Duke Realty Corp
DuPont de Nemours Inc
DXC Technology
E*Trade
Eastman Chemical
Eaton Corporation
eBay Inc.
Ecolab Inc.
Edison Int'l
Edwards Lifesciences
Electronic Arts
Emerson Electric Company
Entergy Corp.
EOG Resources
Equifax Inc.
Equinix
Equity Residential
Essex Property Trust, Inc.
Estée Lauder Companies
Evergy
Eversource Energy
Everest Re Group Ltd.
Exelon Corp.
Expedia Group
Expeditors
Extra Space Storage
Exxon Mobil Corp.
F5 Networks
Facebook, Inc.
Fastenal Co
Federal Realty Investment Trust
FedEx Corporation
Fidelity National Information Services
Fifth Third Bancorp
FirstEnergy Corp
First Republic Bank
Fiserv Inc
FleetCor Technologies Inc
FLIR Systems
Flowserve Corporation
FMC Corporation
Ford Motor Company
Fortinet
Fortive Corp
Fortune Brands Home & Security
Fox Corporation (Class A)
Fox Corporation (Class B)
Franklin Resources
Freeport-McMoRan Inc.
Gap Inc.
Garmin Ltd.
Gartner Inc
General Dynamics
General Electric
General Mills
General Motors
Genuine Parts
Gilead Sciences
Globe Life Inc.
Global Payments Inc.
Goldman Sachs Group
Grainger (W.W.) Inc.
H&R Block
Halliburton Co.
Hanesbrands Inc
Hartford Financial Svc.Gp.
Hasbro Inc.
HCA Healthcare
Healthpeak Properties
Henry Schein
The Hershey Company
Hess Corporation
Hewlett Packard Enterprise
Hilton Worldwide Holdings Inc
HollyFrontier Corp
Hologic
Home Depot
Honeywell Int'l Inc.
Hormel Foods Corp.
Host Hotels & Resorts
Howmet Aerospace
HP Inc.
Humana Inc.
Huntington Bancshares
Huntington Ingalls Industries
IDEX Corporation
IDEXX Laboratories
IHS Markit Ltd.
Illinois Tool Works
Illumina Inc
Incyte
Ingersoll Rand
Intel Corp.
Intercontinental Exchange
International Business Machines
International Paper
Interpublic Group
International Flavors & Fragrances
Intuit Inc.
Intuitive Surgical Inc.
Invesco Ltd.
IPG Photonics Corp.
IQVIA Holdings Inc.
Iron Mountain Incorporated
Jack Henry & Associates
Jacobs Engineering Group
J. B. Hunt Transport Services
JM Smucker
Johnson & Johnson
Johnson Controls International
JPMorgan Chase & Co.
Juniper Networks
Kansas City Southern
Kellogg Co.
KeyCorp
Keysight Technologies
Kimberly-Clark
Kimco Realty
Kinder Morgan
KLA Corporation
Kohl's Corp.
Kraft Heinz Co
Kroger Co.
L Brands Inc.
L3Harris Technologies
Laboratory Corp. of America Holding
Lam Research
Lamb Weston Holdings Inc
Las Vegas Sands
Leggett & Platt
Leidos Holdings
Lennar Corp.
Lilly (Eli) & Co.
Lincoln National
Linde plc
Live Nation Entertainment
LKQ Corporation
Lockheed Martin Corp.
Loews Corp.
Lowe's Cos.
LyondellBasell
M&T Bank Corp.
Marathon Oil Corp.
Marathon Petroleum
MarketAxess
Marriott Int'l.
Marsh & McLennan
Martin Marietta Materials
Masco Corp.
Mastercard Inc.
McCormick & Co.
Maxim Integrated Products Inc
McDonald's Corp.
McKesson Corp.
Medtronic plc
Merck & Co.
MetLife Inc.
Mettler Toledo
MGM Resorts International
Microchip Technology
Micron Technology
Microsoft Corp.
Mid-America Apartments
Mohawk Industries
Molson Coors Beverage Company
Mondelez International
Monster Beverage
Moody's Corp
Morgan Stanley
The Mosaic Company
Motorola Solutions Inc.
MSCI Inc
Mylan N.V.
Nasdaq, Inc.
National Oilwell Varco Inc.
NetApp
Netflix Inc.
Newell Brands
Newmont Corporation
News Corp. Class A
News Corp. Class B
NextEra Energy
Nielsen Holdings
Nike, Inc.
NiSource Inc.
Noble Energy Inc
Norfolk Southern Corp.
Northern Trust Corp.
Northrop Grumman
NortonLifeLock
Norwegian Cruise Line Holdings
NRG Energy
Nucor Corp.
Nvidia Corporation
NVR, Inc.
O'Reilly Automotive
Occidental Petroleum
Old Dominion Freight Line
Omnicom Group
ONEOK
Oracle Corp.
Otis Worldwide
PACCAR Inc.
Packaging Corporation of America
Parker-Hannifin
Paychex Inc.
Paycom
PayPal
Pentair plc
People's United Financial
PepsiCo Inc.
PerkinElmer
Perrigo
Pfizer Inc.
Philip Morris International
Phillips 66
Pinnacle West Capital
Pioneer Natural Resources
PNC Financial Services
PPG Industries
PPL Corp.
Principal Financial Group
Procter & Gamble
Progressive Corp.
Prologis
Prudential Financial
Public Service Enterprise Group (PSEG)
Public Storage
PulteGroup
PVH Corp.
Qorvo
Quanta Services Inc.
QUALCOMM Inc.
Quest Diagnostics
Ralph Lauren Corporation
Raymond James Financial Inc.
Raytheon Technologies
Realty Income Corporation
Regency Centers Corporation
Regeneron Pharmaceuticals
Regions Financial Corp.
Republic Services Inc
ResMed
Robert Half International
Rockwell Automation Inc.
Rollins Inc.
Roper Technologies
Ross Stores
Royal Caribbean Cruises Ltd
S&P Global, Inc.
Salesforce.com
SBA Communications
Schlumberger Ltd.
Seagate Technology
Sealed Air
Sempra Energy
ServiceNow
Sherwin-Williams
Simon Property Group Inc
Skyworks Solutions
SL Green Realty
Snap-on
Southern Company
Southwest Airlines
Stanley Black & Decker
Starbucks Corp.
State Street Corp.
STERIS plc
Stryker Corp.
SVB Financial
Synchrony Financial
Synopsys Inc.
Sysco Corp.
T-Mobile US
T. Rowe Price Group
Take-Two Interactive
Tapestry, Inc.
Target Corp.
TE Connectivity Ltd.
TechnipFMC
Teledyne Technologies
Teleflex
Texas Instruments
Textron Inc.
Thermo Fisher Scientific
Tiffany & Co.
TJX Companies Inc.
Tractor Supply Company
Trane Technologies plc
TransDigm Group
The Travelers Companies Inc.
Truist Financial
Twitter, Inc.
Tyler Technologies
Tyson Foods
UDR, Inc.
Ulta Beauty
U.S. Bancorp
Under Armour (Class A)
Under Armour (Class C)
Union Pacific Corp
United Airlines Holdings
United Health Group Inc.
United Parcel Service
United Rentals, Inc.
Universal Health Services
Unum Group
VF Corporation
Valero Energy
Varian Medical Systems
Ventas Inc
Verisign Inc.
Verisk Analytics
Verizon Communications
Vertex Pharmaceuticals Inc
ViacomCBS
Visa Inc.
Vornado Realty Trust
Vulcan Materials
W. R. Berkley Corporation
Wabtec Corporation
Walmart
Walgreens Boots Alliance
The Walt Disney Company
Waste Management Inc.
Waters Corporation
WEC Energy Group
Wells Fargo
Welltower Inc.
West Pharmaceutical Services
Western Digital
Western Union Co
WestRock
Weyerhaeuser
Whirlpool Corp.
Williams Companies
Willis Towers Watson
Wynn Resorts Ltd
Xcel Energy Inc
Xerox
Xilinx
Xylem Inc.
Yum! Brands Inc
Zebra Technologies
Zimmer Biomet Holdings
Zions Bancorp
Zoetis